Godot Engine v4.6.1.stable.official.14d19694e - https://godotengine.org
TextServer: Added interface "Dummy"
TextServer: Added interface "ICU / HarfBuzz / Graphite (Built-in)"
Unrecognized output string "misc2" in mapping:
030000000d0f00000202000000000000,Horipad O Nintendo Switch 2 Controller,a:b1,b:b0,back:b8,dpdown:h0.4,dpleft:h0.8,dpright:h0.2,dpup:h0.1,guide:b12,leftshoulder:b4,leftstick:b10,lefttrigger:b6,leftx:a0,lefty:a1,misc1:b13,misc2:b14,rightshoulder:b5,rightstick:b11,righttrigger:b7,rightx:a2,righty:a3,start:b9,x:b3,y:b2,platform:Windows,
Unrecognized output string "misc2" in mapping:
030000000d0f00009601000000000000,Horipad Steam,a:b0,b:b1,back:b10,dpdown:h0.4,dpleft:h0.8,dpright:h0.2,dpup:h0.1,guide:b12,leftshoulder:b6,leftstick:b13,lefttrigger:b8,leftx:a0,lefty:a1,misc2:b2,paddle1:b5,paddle2:b15,paddle3:b18,paddle4:b19,rightshoulder:b7,rightstick:b14,righttrigger:b9,rightx:a3,righty:a4,start:b11,x:b3,y:b4,platform:Windows,
Unrecognized output string "misc2" in mapping:
030000007e0500006920000000000000,Nintendo Switch 2 Pro Controller,a:b0,b:b1,back:b14,dpdown:b8,dpleft:b10,dpright:b9,dpup:b11,guide:b16,leftshoulder:b12,leftstick:b15,lefttrigger:b13,leftx:a0,lefty:a1~,misc1:b17,misc2:b20,paddle1:b18,paddle2:b19,rightshoulder:b4,rightstick:b7,righttrigger:b5,rightx:a2,righty:a3~,start:b6,x:b2,y:b3,platform:Windows,
Using "default" pen tablet driver...

TextServer: Primary interface set to: "ICU / HarfBuzz / Graphite (Built-in)".
WARNING: "usage" is not supported in add_property_info().
   at: _add_property_info_bind (core/config/project_settings.cpp:1347)
WARNING: "usage" is not supported in add_property_info().
   at: _add_property_info_bind (core/config/project_settings.cpp:1347)
Loading resource: res://maxx_throttle.tres
Loading resource: res://default_bus_layout.tres
CORE API HASH: 75400357
EDITOR API HASH: 3012763406
Loading resource: res://test/bumper_smoke.gd
SceneTreeFTI: traversal method DEFAULT
MXT_BUMPER_SMOKE tick=3000 enabled=1 count=60 start=1 active=0
MXT_BUMPER_SMOKE tick=6000 enabled=1 count=60 start=1 active=1 first_slot=0 target_lane=0.68822383880615 cp=16 coll_cp=16 lap=2 dist=51475.62890625 road_x=0.68824142217636 speed=0.0 pos=(692.593322753906,-11.9533195495605,1266.88757324219) vel=(0.0,0.0,0.0) state=0xc02
MXT_BUMPER_SMOKE tick=9000 enabled=1 count=60 start=1 active=4 first_slot=26 target_lane=0.51033413410187 cp=355 coll_cp=355 lap=2 dist=65819.9765625 road_x=-0.92688524723053 speed=851.039184570313 pos=(1457.04443359375,345.067840576172,1334.57116699219) vel=(-621.705200195313,-2939.96020507813,-6423.8994140625) state=0x4406
MXT_BUMPER_RESULT saw_active=true saw_lap1_active=false min_forward_delta=-1.56640625 max_backward_delta=-1.56640625
Loading resource: res://ui/dip_debug_menu.gd
Loading resource: res://addons/imgui-godot/data/ImGuiRoot.tscn
Loading resource: res://addons/imgui-godot/scripts/ImGuiRoot.gd
Loading resource: res://fz_global.gd
Loading resource: res://asset/obj_dashplate.tscn
Loading resource: res://asset/obj_jumpplate.tscn
Loading resource: res://asset/obj_mine.tscn
Loading resource: res://asset/mat/translate_gizmo_material.tres
Loading resource: res://asset/shader/translate_gizmo_shader.gdshader
Loading resource: res://asset/mdl/edit/gizmo/gizmo_translate_gizmo_colors.png
Loading resource: res://.godot/imported/gizmo_translate_gizmo_colors.png-cd418d97113bdaad8bdae1c4c423f8c0.ctex
Loading resource: res://asset/mat/rotate_gizmo_material.tres
Loading resource: res://asset/mdl/edit/gizmo/gizmo_rotate_gizmo_colors.png
Loading resource: res://.godot/imported/gizmo_rotate_gizmo_colors.png-fa660ebf57519ef3261ac41ab850fb48.s3tc.ctex
Loading resource: res://asset/mat/add_road_gizmo_material.tres
Loading resource: res://add_gizmo_shader.gdshader
Loading resource: res://asset/tex/add_road_segment.png
Loading resource: res://.godot/imported/add_road_segment.png-257a32a31bcfdd4e57d09b2730d0f0f6.s3tc.ctex
Loaded system CA certificates
Loading resource: res://addons/imgui-godot/scripts/ImGuiConfig.gd
XR: Clearing primary interface
XR: Removed interface "Native mobile"
XR: Removed interface "OpenXR"
WARNING: ObjectDB instances leaked at exit (run with --verbose for details).
   at: cleanup (core/object/object.cpp:2641)
Leaked instance: UndoRedo:51992593941
Hint: Leaked instances typically happen when nodes are removed from the scene tree (with `remove_child()`) but not freed (with `free()` or `queue_free()`).
