Godot Engine v4.6.1.stable.official.14d19694e - https://godotengine.org

WARNING: "usage" is not supported in add_property_info().
   at: _add_property_info_bind (core/config/project_settings.cpp:1347)
WARNING: "usage" is not supported in add_property_info().
   at: _add_property_info_bind (core/config/project_settings.cpp:1347)
MXT_REPLAY playback started C:\Users\loser\AppData\Roaming\Godot\app_userdata\Maxx Throttle C++\replays\mxt_Lightning_-_Loop_Cross_2026-05-31_08-30-30.replay.json frames=7772
MXT_REPLAY playback complete C:\Users\loser\AppData\Roaming\Godot\app_userdata\Maxx Throttle C++\replays\mxt_Lightning_-_Loop_Cross_2026-05-31_08-30-30.replay.json frames=7772 avg_tick_us=16
WARNING: Replay verify finish_times missing id=0 expected=7620
   at: push_warning (core/variant/variant_utility.cpp:1034)
   GDScript backtrace (most recent call first):
       [0] _replay_compare_int_dictionary (res://main.gd:2107)
       [1] _verify_replay_playback_results (res://main.gd:2120)
       [2] _start_replay_playback_from_path (res://main.gd:2660)
WARNING: Replay verify finish_placements missing id=0 expected=1
   at: push_warning (core/variant/variant_utility.cpp:1034)
   GDScript backtrace (most recent call first):
       [0] _replay_compare_int_dictionary (res://main.gd:2107)
       [1] _verify_replay_playback_results (res://main.gd:2121)
       [2] _start_replay_playback_from_path (res://main.gd:2660)
MXT_REPLAY_VERIFY_STATE tick=7772 id=0 cp=207 frac=0.86323630809784 lap=3 dist=51023.09375 pos=(1357.88269042969,-47.9068641662598,401.266754150391) vel=(-3822.94384765625,-112.883895874023,271.277069091797) speed=394.376770019531 h=19.1682281494141 n=(-0.02996382117271,0.99955099821091,-0.00000287841112) up=(-0.03084541484714,0.99923151731491,-0.02418721839786) state=0x420 terrain=0x0
MXT_REPLAY_VERIFY_FAIL path=C:\Users\loser\AppData\Roaming\Godot\app_userdata\Maxx Throttle C++\replays\mxt_Lightning_-_Loop_Cross_2026-05-31_08-30-30.replay.json frames=7772
WARNING: ObjectDB instances leaked at exit (run with --verbose for details).
   at: cleanup (core/object/object.cpp:2641)
